// Jest Snapshot v1, https://goo.gl/fbAQLP

exports[`should compile Gherkin code correctly 1`] = `
"const pickles = [
  {
    tags: [],
    name: \\"minimalistic\\",
    language: \\"en\\",
    locations: [{\\"line\\":7,\\"column\\":3}],
    steps: [
      {\\"text\\":\\"the minimalism inside a background\\",\\"arguments\\":[],\\"locations\\":[{\\"line\\":4,\\"column\\":11}]},
      {\\"text\\":\\"the minimalism\\",\\"arguments\\":[],\\"locations\\":[{\\"line\\":8,\\"column\\":11}]},
      {\\"text\\":\\"a minimalist is minimalistic\\",\\"arguments\\":[],\\"locations\\":[{\\"line\\":9,\\"column\\":10}]},
      {\\"text\\":\\"minimalism is minimally achieved\\",\\"arguments\\":[],\\"locations\\":[{\\"line\\":10,\\"column\\":10}]}
    ]
  }
];

export default pickles;
"
`;

exports[`should not crash on an empty file 1`] = `
"const pickles = [
];

export default pickles;
"
`;
